../Core/Src/LiquidCrystal.c:38:6:LiquidCrystal	64	static
../Core/Src/LiquidCrystal.c:47:6:init	24	static
../Core/Src/LiquidCrystal.c:73:6:begin	40	static
../Core/Src/LiquidCrystal.c:167:6:enableClock	40	static
../Core/Src/LiquidCrystal.c:187:6:setRowOffsets	24	static
../Core/Src/LiquidCrystal.c:196:6:clear	8	static
../Core/Src/LiquidCrystal.c:202:6:home	8	static
../Core/Src/LiquidCrystal.c:208:6:setCursor	24	static
../Core/Src/LiquidCrystal.c:222:6:noDisplay	8	static
../Core/Src/LiquidCrystal.c:226:6:display	8	static
../Core/Src/LiquidCrystal.c:232:6:noCursor	8	static
../Core/Src/LiquidCrystal.c:236:6:cursor	8	static
../Core/Src/LiquidCrystal.c:242:6:noBlink	8	static
../Core/Src/LiquidCrystal.c:246:6:blink	8	static
../Core/Src/LiquidCrystal.c:252:6:scrollDisplayLeft	8	static
../Core/Src/LiquidCrystal.c:255:6:scrollDisplayRight	8	static
../Core/Src/LiquidCrystal.c:260:6:leftToRight	8	static
../Core/Src/LiquidCrystal.c:266:6:rightToLeft	8	static
../Core/Src/LiquidCrystal.c:272:6:autoscroll	8	static
../Core/Src/LiquidCrystal.c:278:6:noAutoscroll	8	static
../Core/Src/LiquidCrystal.c:284:8:print	32	static
../Core/Src/LiquidCrystal.c:300:6:createChar	24	static
../Core/Src/LiquidCrystal.c:310:13:command	16	static
../Core/Src/LiquidCrystal.c:314:15:write	16	static
../Core/Src/LiquidCrystal.c:322:6:send	16	static
../Core/Src/LiquidCrystal.c:338:6:pulseEnable	8	static
../Core/Src/LiquidCrystal.c:347:6:write4bits	24	static
../Core/Src/LiquidCrystal.c:355:6:write8bits	24	static
