../Core/Src/main.c:98:6:HAL_GPIO_EXTI_Callback	40	static
../Core/Src/main.c:220:6:buzzerInit	8	static
../Core/Src/main.c:226:6:buzzerChangeTone	40	static
../Core/Src/main.c:244:6:playTone	8	static
../Core/Src/main.c:251:10:getAvgOf64Array	24	static
../Core/Src/main.c:258:6:HAL_ADC_ConvCpltCallback	24	static
../Core/Src/main.c:276:5:main	48	static
../Core/Src/main.c:355:6:SystemClock_Config	128	static
../Core/Src/main.c:406:13:MX_ADC2_Init	32	static
../Core/Src/main.c:463:13:MX_I2C1_Init	8	static
../Core/Src/main.c:511:13:MX_SPI1_Init	8	static
../Core/Src/main.c:551:13:MX_TIM3_Init	48	static
../Core/Src/main.c:600:13:MX_USB_PCD_Init	8	static
../Core/Src/main.c:631:13:MX_GPIO_Init	56	static
../Core/Src/main.c:729:6:StartDefaultTask	24	static
../Core/Src/main.c:771:6:Error_Handler	4	static,ignoring_inline_asm
